Rc files read:
  NONE
Latexmk: This is Latexmk, John Collins, 31 Jan. 2024. Version 4.83.
No existing .aux file, so I'll make a simple one, and require run of *latex.
Latexmk: applying rule 'xelatex'...
Rule 'xelatex':  Reasons for rerun
Category 'other':
  Rerun of 'xelatex' forced or previously required:
    Reason or flag: 'Initial setup'

------------
Run number 1 of rule 'xelatex'
------------
------------
Running 'xelatex -no-pdf -synctex=1 -interaction=batchmode -file-line-error -shell-escape -recorder  "computational-neurochemistry.tex"'
------------
This is XeTeX, Version 3.141592653-2.6-0.999996 (TeX Live 2024) (preloaded format=xelatex)
 \write18 enabled.
entering extended mode

SyncTeX written on computational-neurochemistry.synctex.gz.Latexmk: Getting log file 'computational-neurochemistry.log'
Latexmk: Examining 'computational-neurochemistry.fls'
Latexmk: Examining 'computational-neurochemistry.log'
Latexmk: References changed.
Latexmk: References changed.
Latexmk: Log file says output to 'computational-neurochemistry.xdv'
Latexmk: applying rule 'xelatex'...
Rule 'xelatex':  Reasons for rerun
Changed files or newly in use/created:
  computational-neurochemistry.aux
  computational-neurochemistry.out

------------
Run number 2 of rule 'xelatex'
------------
------------
Running 'xelatex -no-pdf -synctex=1 -interaction=batchmode -file-line-error -shell-escape -recorder  "computational-neurochemistry.tex"'
------------
This is XeTeX, Version 3.141592653-2.6-0.999996 (TeX Live 2024) (preloaded format=xelatex)
 \write18 enabled.
entering extended mode

SyncTeX written on computational-neurochemistry.synctex.gz.Latexmk: Getting log file 'computational-neurochemistry.log'
Latexmk: Examining 'computational-neurochemistry.fls'
Latexmk: Examining 'computational-neurochemistry.log'
Latexmk: Log file says output to 'computational-neurochemistry.xdv'
Latexmk: applying rule 'xdvipdfmx'...
Rule 'xdvipdfmx':  Reasons for rerun
Changed files or newly in use/created:
  computational-neurochemistry.xdv
Category 'changed_source_rules':
  xelatex
Category 'no_dest':
  xdvipdfmx

------------
Run number 1 of rule 'xdvipdfmx'
------------
------------
Running 'xdvipdfmx -E -o "computational-neurochemistry.pdf"  "computational-neurochemistry.xdv"'
------------
computational-neurochemistry.xdv -> computational-neurochemistry.pdf
[1]
23019 bytes written
Latexmk: All targets (computational-neurochemistry.xdv computational-neurochemistry.pdf) are up-to-date

